Archive member included to satisfy reference by file (symbol)

c:/program files (x86)/atmel/studio/7.0/toolchain/avr8/avr8-gnu-toolchain/bin/../lib/gcc/avr/4.9.2/avr51\libgcc.a(_divmodhi4.o)
                              src/main.o (__divmodhi4)
c:/program files (x86)/atmel/studio/7.0/toolchain/avr8/avr8-gnu-toolchain/bin/../lib/gcc/avr/4.9.2/avr51\libgcc.a(_exit.o)
                              C:/Program Files (x86)/Atmel/Studio/7.0/Packs/atmel/ATmega_DFP/1.0.90/gcc/dev/atmega1284p/avr51/crtatmega1284p.o (exit)
c:/program files (x86)/atmel/studio/7.0/toolchain/avr8/avr8-gnu-toolchain/bin/../lib/gcc/avr/4.9.2/avr51\libgcc.a(_tablejump2.o)
                              src/main.o (__tablejump2__)
c:/program files (x86)/atmel/studio/7.0/toolchain/avr8/avr8-gnu-toolchain/bin/../lib/gcc/avr/4.9.2/avr51\libgcc.a(_copy_data.o)
                              src/main.o (__do_copy_data)
c:/program files (x86)/atmel/studio/7.0/toolchain/avr8/avr8-gnu-toolchain/bin/../lib/gcc/avr/4.9.2/avr51\libgcc.a(_clear_bss.o)
                              src/main.o (__do_clear_bss)
c:/program files (x86)/atmel/studio/7.0/toolchain/avr8/avr8-gnu-toolchain/bin/../lib/gcc/avr/4.9.2/avr51\libgcc.a(_udivmodhi4.o)
                              c:/program files (x86)/atmel/studio/7.0/toolchain/avr8/avr8-gnu-toolchain/bin/../lib/gcc/avr/4.9.2/avr51\libgcc.a(_divmodhi4.o) (__udivmodhi4)

Allocating common symbols
Common symbol       size              file

sensor_left         0x2               src/main.o
gyro_90             0x1               src/main.o
i2c_data            0xf               src/main.o
Reflex_data         0x2               src/main.o
sensor_right        0x2               src/main.o
distans_fram        0x1               src/main.o
sensor_front_tmp    0x2               src/main.o
distans_left        0x1               src/main.o
output_tmp          0x2               src/main.o
batteri             0x1               src/main.o
current_error_lab   0x2               src/main.o
RGB_data            0x1               src/main.o
distans_right       0x1               src/main.o
sensor_front        0x2               src/main.o

Discarded input sections

 .data          0x00000000        0x0 C:/Program Files (x86)/Atmel/Studio/7.0/Packs/atmel/ATmega_DFP/1.0.90/gcc/dev/atmega1284p/avr51/crtatmega1284p.o
 .bss           0x00000000        0x0 C:/Program Files (x86)/Atmel/Studio/7.0/Packs/atmel/ATmega_DFP/1.0.90/gcc/dev/atmega1284p/avr51/crtatmega1284p.o
 .group         0x00000000        0x8 src/ASF/common/boards/user_board/init.o
 .group         0x00000000        0x8 src/ASF/common/boards/user_board/init.o
 .group         0x00000000        0x8 src/ASF/common/boards/user_board/init.o
 .group         0x00000000        0x8 src/ASF/common/boards/user_board/init.o
 .group         0x00000000        0x8 src/ASF/common/boards/user_board/init.o
 .group         0x00000000        0x8 src/ASF/common/boards/user_board/init.o
 .group         0x00000000        0x8 src/ASF/common/boards/user_board/init.o
 .group         0x00000000        0x8 src/ASF/common/boards/user_board/init.o
 .group         0x00000000        0x8 src/ASF/common/boards/user_board/init.o
 .group         0x00000000        0x8 src/ASF/common/boards/user_board/init.o
 .group         0x00000000        0x8 src/ASF/common/boards/user_board/init.o
 .group         0x00000000        0x8 src/ASF/common/boards/user_board/init.o
 .group         0x00000000        0x8 src/ASF/common/boards/user_board/init.o
 .group         0x00000000        0x8 src/ASF/common/boards/user_board/init.o
 .group         0x00000000        0x8 src/ASF/common/boards/user_board/init.o
 .group         0x00000000        0x8 src/ASF/common/boards/user_board/init.o
 .group         0x00000000        0x8 src/ASF/common/boards/user_board/init.o
 .group         0x00000000        0x8 src/ASF/common/boards/user_board/init.o
 .group         0x00000000        0x8 src/ASF/common/boards/user_board/init.o
 .group         0x00000000        0x8 src/ASF/common/boards/user_board/init.o
 .group         0x00000000        0x8 src/ASF/common/boards/user_board/init.o
 .group         0x00000000        0x8 src/ASF/common/boards/user_board/init.o
 .group         0x00000000        0x8 src/ASF/common/boards/user_board/init.o
 .group         0x00000000        0x8 src/ASF/common/boards/user_board/init.o
 .group         0x00000000        0x8 src/ASF/common/boards/user_board/init.o
 .group         0x00000000        0x8 src/ASF/common/boards/user_board/init.o
 .text          0x00000000        0x0 src/ASF/common/boards/user_board/init.o
 .data          0x00000000        0x0 src/ASF/common/boards/user_board/init.o
 .bss           0x00000000        0x0 src/ASF/common/boards/user_board/init.o
 .group         0x00000000        0x8 src/main.o
 .group         0x00000000        0x8 src/main.o
 .group         0x00000000        0x8 src/main.o
 .group         0x00000000        0x8 src/main.o
 .group         0x00000000        0x8 src/main.o
 .group         0x00000000        0x8 src/main.o
 .group         0x00000000        0x8 src/main.o
 .group         0x00000000        0x8 src/main.o
 .group         0x00000000        0x8 src/main.o
 .group         0x00000000        0x8 src/main.o
 .group         0x00000000        0x8 src/main.o
 .group         0x00000000        0x8 src/main.o
 .group         0x00000000        0x8 src/main.o
 .group         0x00000000        0x8 src/main.o
 .group         0x00000000        0x8 src/main.o
 .group         0x00000000        0x8 src/main.o
 .group         0x00000000        0x8 src/main.o
 .group         0x00000000        0x8 src/main.o
 .group         0x00000000        0x8 src/main.o
 .group         0x00000000        0x8 src/main.o
 .group         0x00000000        0x8 src/main.o
 .group         0x00000000        0x8 src/main.o
 .group         0x00000000        0x8 src/main.o
 .group         0x00000000        0x8 src/main.o
 .group         0x00000000        0x8 src/main.o
 .group         0x00000000        0x8 src/main.o
 .group         0x00000000        0x8 src/main.o
 .group         0x00000000        0x8 src/main.o
 .group         0x00000000        0x8 src/main.o
 .text          0x00000000        0x0 src/main.o
 .data          0x00000000        0x0 src/main.o
 .bss           0x00000000        0x0 src/main.o
 .text.linje_RGBsveng
                0x00000000       0xf6 src/main.o
 .text.sekvens_goal_detekted
                0x00000000       0x92 src/main.o
 .text.detect_goal
                0x00000000       0x30 src/main.o
 .text.detect_labyrint
                0x00000000       0x34 src/main.o
 .text.req_gyro_turn
                0x00000000        0x2 src/main.o
 .text.turn_left
                0x00000000       0x12 src/main.o
 .text.turn_right
                0x00000000       0x12 src/main.o
 .text.drive_forward
                0x00000000       0x12 src/main.o
 .text.stand_still
                0x00000000        0xa src/main.o
 .text.waypoint_lab
                0x00000000       0x8e src/main.o
 .text.oneway_turn_lab
                0x00000000       0xa2 src/main.o
 .text.twoway_turn_left_lab
                0x00000000       0xd4 src/main.o
 .text.twoway_turn_right_lab
                0x00000000       0xd4 src/main.o
 .bss.time.1919
                0x00000000        0x2 src/main.o
 .bss.time.1907
                0x00000000        0x2 src/main.o
 .bss.time.1888
                0x00000000        0x2 src/main.o
 .bss.twoway_turn_right
                0x00000000        0x1 src/main.o
 .bss.twoway_turn_left
                0x00000000        0x1 src/main.o
 .bss.oneway_turn
                0x00000000        0x1 src/main.o
 .bss.waypoint  0x00000000        0x1 src/main.o
 .data.min_distance_front
                0x00000000        0x2 src/main.o
 .data.first_time
                0x00000000        0x1 src/main.o
 .bss.turn_done
                0x00000000        0x1 src/main.o
 .bss.ongoing_turn
                0x00000000        0x1 src/main.o
 .bss.start_turn
                0x00000000        0x1 src/main.o
 .data.distance_wall_right
                0x00000000        0x2 src/main.o
 .bss.counter_timer
                0x00000000        0x2 src/main.o
 .bss.gyro_turn
                0x00000000        0x2 src/main.o
 .debug_macro   0x00000000      0xa66 src/main.o
 .debug_macro   0x00000000       0x10 src/main.o
 .debug_macro   0x00000000      0x1ad src/main.o
 .debug_macro   0x00000000      0x293 src/main.o
 .debug_macro   0x00000000       0x9e src/main.o
 .debug_macro   0x00000000     0x1a9a src/main.o
 .debug_macro   0x00000000      0x171 src/main.o
 .debug_macro   0x00000000       0xcb src/main.o
 .debug_macro   0x00000000       0x34 src/main.o
 .debug_macro   0x00000000       0x18 src/main.o
 .debug_macro   0x00000000       0x6c src/main.o
 .debug_macro   0x00000000       0x69 src/main.o
 .debug_macro   0x00000000       0x22 src/main.o
 .debug_macro   0x00000000      0x166 src/main.o
 .debug_macro   0x00000000       0x1c src/main.o
 .debug_macro   0x00000000       0x35 src/main.o
 .debug_macro   0x00000000       0x66 src/main.o
 .debug_macro   0x00000000      0x4ae src/main.o
 .debug_macro   0x00000000       0x44 src/main.o
 .debug_macro   0x00000000       0x2c src/main.o
 .debug_macro   0x00000000       0x10 src/main.o
 .debug_macro   0x00000000      0x175 src/main.o
 .debug_macro   0x00000000       0x40 src/main.o
 .debug_macro   0x00000000      0x100 src/main.o
 .debug_macro   0x00000000      0x231 src/main.o
 .debug_macro   0x00000000       0x1c src/main.o
 .text          0x00000000        0x0 c:/program files (x86)/atmel/studio/7.0/toolchain/avr8/avr8-gnu-toolchain/bin/../lib/gcc/avr/4.9.2/avr51\libgcc.a(_divmodhi4.o)
 .data          0x00000000        0x0 c:/program files (x86)/atmel/studio/7.0/toolchain/avr8/avr8-gnu-toolchain/bin/../lib/gcc/avr/4.9.2/avr51\libgcc.a(_divmodhi4.o)
 .bss           0x00000000        0x0 c:/program files (x86)/atmel/studio/7.0/toolchain/avr8/avr8-gnu-toolchain/bin/../lib/gcc/avr/4.9.2/avr51\libgcc.a(_divmodhi4.o)
 .text.libgcc.mul
                0x00000000        0x0 c:/program files (x86)/atmel/studio/7.0/toolchain/avr8/avr8-gnu-toolchain/bin/../lib/gcc/avr/4.9.2/avr51\libgcc.a(_divmodhi4.o)
 .text.libgcc   0x00000000        0x0 c:/program files (x86)/atmel/studio/7.0/toolchain/avr8/avr8-gnu-toolchain/bin/../lib/gcc/avr/4.9.2/avr51\libgcc.a(_divmodhi4.o)
 .text.libgcc.prologue
                0x00000000        0x0 c:/program files (x86)/atmel/studio/7.0/toolchain/avr8/avr8-gnu-toolchain/bin/../lib/gcc/avr/4.9.2/avr51\libgcc.a(_divmodhi4.o)
 .text.libgcc.builtins
                0x00000000        0x0 c:/program files (x86)/atmel/studio/7.0/toolchain/avr8/avr8-gnu-toolchain/bin/../lib/gcc/avr/4.9.2/avr51\libgcc.a(_divmodhi4.o)
 .text.libgcc.fmul
                0x00000000        0x0 c:/program files (x86)/atmel/studio/7.0/toolchain/avr8/avr8-gnu-toolchain/bin/../lib/gcc/avr/4.9.2/avr51\libgcc.a(_divmodhi4.o)
 .text.libgcc.fixed
                0x00000000        0x0 c:/program files (x86)/atmel/studio/7.0/toolchain/avr8/avr8-gnu-toolchain/bin/../lib/gcc/avr/4.9.2/avr51\libgcc.a(_divmodhi4.o)
 .text          0x00000000        0x0 c:/program files (x86)/atmel/studio/7.0/toolchain/avr8/avr8-gnu-toolchain/bin/../lib/gcc/avr/4.9.2/avr51\libgcc.a(_exit.o)
 .data          0x00000000        0x0 c:/program files (x86)/atmel/studio/7.0/toolchain/avr8/avr8-gnu-toolchain/bin/../lib/gcc/avr/4.9.2/avr51\libgcc.a(_exit.o)
 .bss           0x00000000        0x0 c:/program files (x86)/atmel/studio/7.0/toolchain/avr8/avr8-gnu-toolchain/bin/../lib/gcc/avr/4.9.2/avr51\libgcc.a(_exit.o)
 .text.libgcc.mul
                0x00000000        0x0 c:/program files (x86)/atmel/studio/7.0/toolchain/avr8/avr8-gnu-toolchain/bin/../lib/gcc/avr/4.9.2/avr51\libgcc.a(_exit.o)
 .text.libgcc.div
                0x00000000        0x0 c:/program files (x86)/atmel/studio/7.0/toolchain/avr8/avr8-gnu-toolchain/bin/../lib/gcc/avr/4.9.2/avr51\libgcc.a(_exit.o)
 .text.libgcc   0x00000000        0x0 c:/program files (x86)/atmel/studio/7.0/toolchain/avr8/avr8-gnu-toolchain/bin/../lib/gcc/avr/4.9.2/avr51\libgcc.a(_exit.o)
 .text.libgcc.prologue
                0x00000000        0x0 c:/program files (x86)/atmel/studio/7.0/toolchain/avr8/avr8-gnu-toolchain/bin/../lib/gcc/avr/4.9.2/avr51\libgcc.a(_exit.o)
 .text.libgcc.builtins
                0x00000000        0x0 c:/program files (x86)/atmel/studio/7.0/toolchain/avr8/avr8-gnu-toolchain/bin/../lib/gcc/avr/4.9.2/avr51\libgcc.a(_exit.o)
 .text.libgcc.fmul
                0x00000000        0x0 c:/program files (x86)/atmel/studio/7.0/toolchain/avr8/avr8-gnu-toolchain/bin/../lib/gcc/avr/4.9.2/avr51\libgcc.a(_exit.o)
 .text.libgcc.fixed
                0x00000000        0x0 c:/program files (x86)/atmel/studio/7.0/toolchain/avr8/avr8-gnu-toolchain/bin/../lib/gcc/avr/4.9.2/avr51\libgcc.a(_exit.o)
 .text          0x00000000        0x0 c:/program files (x86)/atmel/studio/7.0/toolchain/avr8/avr8-gnu-toolchain/bin/../lib/gcc/avr/4.9.2/avr51\libgcc.a(_tablejump2.o)
 .data          0x00000000        0x0 c:/program files (x86)/atmel/studio/7.0/toolchain/avr8/avr8-gnu-toolchain/bin/../lib/gcc/avr/4.9.2/avr51\libgcc.a(_tablejump2.o)
 .bss           0x00000000        0x0 c:/program files (x86)/atmel/studio/7.0/toolchain/avr8/avr8-gnu-toolchain/bin/../lib/gcc/avr/4.9.2/avr51\libgcc.a(_tablejump2.o)
 .text.libgcc.mul
                0x00000000        0x0 c:/program files (x86)/atmel/studio/7.0/toolchain/avr8/avr8-gnu-toolchain/bin/../lib/gcc/avr/4.9.2/avr51\libgcc.a(_tablejump2.o)
 .text.libgcc.div
                0x00000000        0x0 c:/program files (x86)/atmel/studio/7.0/toolchain/avr8/avr8-gnu-toolchain/bin/../lib/gcc/avr/4.9.2/avr51\libgcc.a(_tablejump2.o)
 .text.libgcc.prologue
                0x00000000        0x0 c:/program files (x86)/atmel/studio/7.0/toolchain/avr8/avr8-gnu-toolchain/bin/../lib/gcc/avr/4.9.2/avr51\libgcc.a(_tablejump2.o)
 .text.libgcc.builtins
                0x00000000        0x0 c:/program files (x86)/atmel/studio/7.0/toolchain/avr8/avr8-gnu-toolchain/bin/../lib/gcc/avr/4.9.2/avr51\libgcc.a(_tablejump2.o)
 .text.libgcc.fmul
                0x00000000        0x0 c:/program files (x86)/atmel/studio/7.0/toolchain/avr8/avr8-gnu-toolchain/bin/../lib/gcc/avr/4.9.2/avr51\libgcc.a(_tablejump2.o)
 .text.libgcc.fixed
                0x00000000        0x0 c:/program files (x86)/atmel/studio/7.0/toolchain/avr8/avr8-gnu-toolchain/bin/../lib/gcc/avr/4.9.2/avr51\libgcc.a(_tablejump2.o)
 .text          0x00000000        0x0 c:/program files (x86)/atmel/studio/7.0/toolchain/avr8/avr8-gnu-toolchain/bin/../lib/gcc/avr/4.9.2/avr51\libgcc.a(_copy_data.o)
 .data          0x00000000        0x0 c:/program files (x86)/atmel/studio/7.0/toolchain/avr8/avr8-gnu-toolchain/bin/../lib/gcc/avr/4.9.2/avr51\libgcc.a(_copy_data.o)
 .bss           0x00000000        0x0 c:/program files (x86)/atmel/studio/7.0/toolchain/avr8/avr8-gnu-toolchain/bin/../lib/gcc/avr/4.9.2/avr51\libgcc.a(_copy_data.o)
 .text.libgcc.mul
                0x00000000        0x0 c:/program files (x86)/atmel/studio/7.0/toolchain/avr8/avr8-gnu-toolchain/bin/../lib/gcc/avr/4.9.2/avr51\libgcc.a(_copy_data.o)
 .text.libgcc.div
                0x00000000        0x0 c:/program files (x86)/atmel/studio/7.0/toolchain/avr8/avr8-gnu-toolchain/bin/../lib/gcc/avr/4.9.2/avr51\libgcc.a(_copy_data.o)
 .text.libgcc   0x00000000        0x0 c:/program files (x86)/atmel/studio/7.0/toolchain/avr8/avr8-gnu-toolchain/bin/../lib/gcc/avr/4.9.2/avr51\libgcc.a(_copy_data.o)
 .text.libgcc.prologue
                0x00000000        0x0 c:/program files (x86)/atmel/studio/7.0/toolchain/avr8/avr8-gnu-toolchain/bin/../lib/gcc/avr/4.9.2/avr51\libgcc.a(_copy_data.o)
 .text.libgcc.builtins
                0x00000000        0x0 c:/program files (x86)/atmel/studio/7.0/toolchain/avr8/avr8-gnu-toolchain/bin/../lib/gcc/avr/4.9.2/avr51\libgcc.a(_copy_data.o)
 .text.libgcc.fmul
                0x00000000        0x0 c:/program files (x86)/atmel/studio/7.0/toolchain/avr8/avr8-gnu-toolchain/bin/../lib/gcc/avr/4.9.2/avr51\libgcc.a(_copy_data.o)
 .text.libgcc.fixed
                0x00000000        0x0 c:/program files (x86)/atmel/studio/7.0/toolchain/avr8/avr8-gnu-toolchain/bin/../lib/gcc/avr/4.9.2/avr51\libgcc.a(_copy_data.o)
 .text          0x00000000        0x0 c:/program files (x86)/atmel/studio/7.0/toolchain/avr8/avr8-gnu-toolchain/bin/../lib/gcc/avr/4.9.2/avr51\libgcc.a(_clear_bss.o)
 .data          0x00000000        0x0 c:/program files (x86)/atmel/studio/7.0/toolchain/avr8/avr8-gnu-toolchain/bin/../lib/gcc/avr/4.9.2/avr51\libgcc.a(_clear_bss.o)
 .bss           0x00000000        0x0 c:/program files (x86)/atmel/studio/7.0/toolchain/avr8/avr8-gnu-toolchain/bin/../lib/gcc/avr/4.9.2/avr51\libgcc.a(_clear_bss.o)
 .text.libgcc.mul
                0x00000000        0x0 c:/program files (x86)/atmel/studio/7.0/toolchain/avr8/avr8-gnu-toolchain/bin/../lib/gcc/avr/4.9.2/avr51\libgcc.a(_clear_bss.o)
 .text.libgcc.div
                0x00000000        0x0 c:/program files (x86)/atmel/studio/7.0/toolchain/avr8/avr8-gnu-toolchain/bin/../lib/gcc/avr/4.9.2/avr51\libgcc.a(_clear_bss.o)
 .text.libgcc   0x00000000        0x0 c:/program files (x86)/atmel/studio/7.0/toolchain/avr8/avr8-gnu-toolchain/bin/../lib/gcc/avr/4.9.2/avr51\libgcc.a(_clear_bss.o)
 .text.libgcc.prologue
                0x00000000        0x0 c:/program files (x86)/atmel/studio/7.0/toolchain/avr8/avr8-gnu-toolchain/bin/../lib/gcc/avr/4.9.2/avr51\libgcc.a(_clear_bss.o)
 .text.libgcc.builtins
                0x00000000        0x0 c:/program files (x86)/atmel/studio/7.0/toolchain/avr8/avr8-gnu-toolchain/bin/../lib/gcc/avr/4.9.2/avr51\libgcc.a(_clear_bss.o)
 .text.libgcc.fmul
                0x00000000        0x0 c:/program files (x86)/atmel/studio/7.0/toolchain/avr8/avr8-gnu-toolchain/bin/../lib/gcc/avr/4.9.2/avr51\libgcc.a(_clear_bss.o)
 .text.libgcc.fixed
                0x00000000        0x0 c:/program files (x86)/atmel/studio/7.0/toolchain/avr8/avr8-gnu-toolchain/bin/../lib/gcc/avr/4.9.2/avr51\libgcc.a(_clear_bss.o)
 .text          0x00000000        0x0 c:/program files (x86)/atmel/studio/7.0/toolchain/avr8/avr8-gnu-toolchain/bin/../lib/gcc/avr/4.9.2/avr51\libgcc.a(_udivmodhi4.o)
 .data          0x00000000        0x0 c:/program files (x86)/atmel/studio/7.0/toolchain/avr8/avr8-gnu-toolchain/bin/../lib/gcc/avr/4.9.2/avr51\libgcc.a(_udivmodhi4.o)
 .bss           0x00000000        0x0 c:/program files (x86)/atmel/studio/7.0/toolchain/avr8/avr8-gnu-toolchain/bin/../lib/gcc/avr/4.9.2/avr51\libgcc.a(_udivmodhi4.o)
 .text.libgcc.mul
                0x00000000        0x0 c:/program files (x86)/atmel/studio/7.0/toolchain/avr8/avr8-gnu-toolchain/bin/../lib/gcc/avr/4.9.2/avr51\libgcc.a(_udivmodhi4.o)
 .text.libgcc   0x00000000        0x0 c:/program files (x86)/atmel/studio/7.0/toolchain/avr8/avr8-gnu-toolchain/bin/../lib/gcc/avr/4.9.2/avr51\libgcc.a(_udivmodhi4.o)
 .text.libgcc.prologue
                0x00000000        0x0 c:/program files (x86)/atmel/studio/7.0/toolchain/avr8/avr8-gnu-toolchain/bin/../lib/gcc/avr/4.9.2/avr51\libgcc.a(_udivmodhi4.o)
 .text.libgcc.builtins
                0x00000000        0x0 c:/program files (x86)/atmel/studio/7.0/toolchain/avr8/avr8-gnu-toolchain/bin/../lib/gcc/avr/4.9.2/avr51\libgcc.a(_udivmodhi4.o)
 .text.libgcc.fmul
                0x00000000        0x0 c:/program files (x86)/atmel/studio/7.0/toolchain/avr8/avr8-gnu-toolchain/bin/../lib/gcc/avr/4.9.2/avr51\libgcc.a(_udivmodhi4.o)
 .text.libgcc.fixed
                0x00000000        0x0 c:/program files (x86)/atmel/studio/7.0/toolchain/avr8/avr8-gnu-toolchain/bin/../lib/gcc/avr/4.9.2/avr51\libgcc.a(_udivmodhi4.o)

Memory Configuration

Name             Origin             Length             Attributes
text             0x00000000         0x00020000         xr
data             0x00800100         0x0000ff00         rw !x
eeprom           0x00810000         0x00010000         rw !x
fuse             0x00820000         0x00000400         rw !x
lock             0x00830000         0x00000400         rw !x
signature        0x00840000         0x00000400         rw !x
user_signatures  0x00850000         0x00000400         rw !x
*default*        0x00000000         0xffffffff

Linker script and memory map

Address of section .data set to 0x800100
LOAD C:/Program Files (x86)/Atmel/Studio/7.0/Packs/atmel/ATmega_DFP/1.0.90/gcc/dev/atmega1284p/avr51/crtatmega1284p.o
LOAD src/ASF/common/boards/user_board/init.o
LOAD src/main.o
START GROUP
LOAD c:/program files (x86)/atmel/studio/7.0/toolchain/avr8/avr8-gnu-toolchain/bin/../lib/gcc/avr/4.9.2/../../../../avr/lib/avr51\libm.a
END GROUP
START GROUP
LOAD c:/program files (x86)/atmel/studio/7.0/toolchain/avr8/avr8-gnu-toolchain/bin/../lib/gcc/avr/4.9.2/avr51\libgcc.a
LOAD c:/program files (x86)/atmel/studio/7.0/toolchain/avr8/avr8-gnu-toolchain/bin/../lib/gcc/avr/4.9.2/../../../../avr/lib/avr51\libm.a
LOAD c:/program files (x86)/atmel/studio/7.0/toolchain/avr8/avr8-gnu-toolchain/bin/../lib/gcc/avr/4.9.2/../../../../avr/lib/avr51\libc.a
LOAD C:/Program Files (x86)/Atmel/Studio/7.0/Packs/atmel/ATmega_DFP/1.0.90/gcc/dev/atmega1284p/avr51\libatmega1284p.a
END GROUP

.hash
 *(.hash)

.dynsym
 *(.dynsym)

.dynstr
 *(.dynstr)

.gnu.version
 *(.gnu.version)

.gnu.version_d
 *(.gnu.version_d)

.gnu.version_r
 *(.gnu.version_r)

.rel.init
 *(.rel.init)

.rela.init
 *(.rela.init)

.rel.text
 *(.rel.text)
 *(.rel.text.*)
 *(.rel.gnu.linkonce.t*)

.rela.text
 *(.rela.text)
 *(.rela.text.*)
 *(.rela.gnu.linkonce.t*)

.rel.fini
 *(.rel.fini)

.rela.fini
 *(.rela.fini)

.rel.rodata
 *(.rel.rodata)
 *(.rel.rodata.*)
 *(.rel.gnu.linkonce.r*)

.rela.rodata
 *(.rela.rodata)
 *(.rela.rodata.*)
 *(.rela.gnu.linkonce.r*)

.rel.data
 *(.rel.data)
 *(.rel.data.*)
 *(.rel.gnu.linkonce.d*)

.rela.data
 *(.rela.data)
 *(.rela.data.*)
 *(.rela.gnu.linkonce.d*)

.rel.ctors
 *(.rel.ctors)

.rela.ctors
 *(.rela.ctors)

.rel.dtors
 *(.rel.dtors)

.rela.dtors
 *(.rela.dtors)

.rel.got
 *(.rel.got)

.rela.got
 *(.rela.got)

.rel.bss
 *(.rel.bss)

.rela.bss
 *(.rela.bss)

.rel.plt
 *(.rel.plt)

.rela.plt
 *(.rela.plt)

.text           0x00000000      0xb14
 *(.vectors)
 .vectors       0x00000000       0x8c C:/Program Files (x86)/Atmel/Studio/7.0/Packs/atmel/ATmega_DFP/1.0.90/gcc/dev/atmega1284p/avr51/crtatmega1284p.o
                0x00000000                __vector_default
                0x00000000                __vectors
 *(.vectors)
 *(.progmem.gcc*)
 .progmem.gcc_sw_table.i2c_handel_data
                0x0000008c       0x20 src/main.o
                0x000000ac                . = ALIGN (0x2)
                0x000000ac                __trampolines_start = .
 *(.trampolines)
 .trampolines   0x000000ac        0x0 linker stubs
 *(.trampolines*)
                0x000000ac                __trampolines_end = .
 *(.progmem*)
                0x000000ac                . = ALIGN (0x2)
 *(.jumptables)
 *(.jumptables*)
 *(.lowtext)
 *(.lowtext*)
                0x000000ac                __ctors_start = .
 *(.ctors)
                0x000000ac                __ctors_end = .
                0x000000ac                __dtors_start = .
 *(.dtors)
                0x000000ac                __dtors_end = .
 SORT(*)(.ctors)
 SORT(*)(.dtors)
 *(.init0)
 .init0         0x000000ac        0x0 C:/Program Files (x86)/Atmel/Studio/7.0/Packs/atmel/ATmega_DFP/1.0.90/gcc/dev/atmega1284p/avr51/crtatmega1284p.o
                0x000000ac                __init
 *(.init0)
 *(.init1)
 *(.init1)
 *(.init2)
 .init2         0x000000ac        0xc C:/Program Files (x86)/Atmel/Studio/7.0/Packs/atmel/ATmega_DFP/1.0.90/gcc/dev/atmega1284p/avr51/crtatmega1284p.o
 *(.init2)
 *(.init3)
 *(.init3)
 *(.init4)
 .init4         0x000000b8       0x1a c:/program files (x86)/atmel/studio/7.0/toolchain/avr8/avr8-gnu-toolchain/bin/../lib/gcc/avr/4.9.2/avr51\libgcc.a(_copy_data.o)
                0x000000b8                __do_copy_data
 .init4         0x000000d2       0x10 c:/program files (x86)/atmel/studio/7.0/toolchain/avr8/avr8-gnu-toolchain/bin/../lib/gcc/avr/4.9.2/avr51\libgcc.a(_clear_bss.o)
                0x000000d2                __do_clear_bss
 *(.init4)
 *(.init5)
 *(.init5)
 *(.init6)
 *(.init6)
 *(.init7)
 *(.init7)
 *(.init8)
 *(.init8)
 *(.init9)
 .init9         0x000000e2        0x4 C:/Program Files (x86)/Atmel/Studio/7.0/Packs/atmel/ATmega_DFP/1.0.90/gcc/dev/atmega1284p/avr51/crtatmega1284p.o
 *(.init9)
 *(.text)
 .text          0x000000e6        0x2 C:/Program Files (x86)/Atmel/Studio/7.0/Packs/atmel/ATmega_DFP/1.0.90/gcc/dev/atmega1284p/avr51/crtatmega1284p.o
                0x000000e6                __vector_22
                0x000000e6                __vector_28
                0x000000e6                __vector_32
                0x000000e6                __vector_34
                0x000000e6                __vector_24
                0x000000e6                __vector_12
                0x000000e6                __bad_interrupt
                0x000000e6                __vector_6
                0x000000e6                __vector_31
                0x000000e6                __vector_23
                0x000000e6                __vector_30
                0x000000e6                __vector_25
                0x000000e6                __vector_11
                0x000000e6                __vector_17
                0x000000e6                __vector_19
                0x000000e6                __vector_7
                0x000000e6                __vector_27
                0x000000e6                __vector_5
                0x000000e6                __vector_33
                0x000000e6                __vector_4
                0x000000e6                __vector_9
                0x000000e6                __vector_21
                0x000000e6                __vector_15
                0x000000e6                __vector_29
                0x000000e6                __vector_8
                0x000000e6                __vector_26
                0x000000e6                __vector_14
                0x000000e6                __vector_10
                0x000000e6                __vector_16
                0x000000e6                __vector_18
                0x000000e6                __vector_20
                0x000000e8                . = ALIGN (0x2)
 *(.text.*)
 .text.board_init
                0x000000e8        0x2 src/ASF/common/boards/user_board/init.o
                0x000000e8                board_init
 .text.linje_get_error
                0x000000ea       0x70 src/main.o
                0x000000ea                linje_get_error
 .text.manual_drive
                0x0000015a       0xce src/main.o
                0x0000015a                manual_drive
 .text.PD_for_lab
                0x00000228      0x13a src/main.o
                0x00000228                PD_for_lab
 .text.labyreg  0x00000362       0x18 src/main.o
                0x00000362                labyreg
 .text.linje    0x0000037a      0x15c src/main.o
                0x0000037a                linje
 .text.linje_main
                0x000004d6        0xe src/main.o
                0x000004d6                linje_main
 .text.regulator
                0x000004e4       0x14 src/main.o
                0x000004e4                regulator
 .text.initengine
                0x000004f8       0x1a src/main.o
                0x000004f8                initengine
 .text.timerinit
                0x00000512       0x28 src/main.o
                0x00000512                timerinit
 .text.__vector_13
                0x0000053a       0x3a src/main.o
                0x0000053a                __vector_13
 .text.interrupt_init
                0x00000574       0x12 src/main.o
                0x00000574                interrupt_init
 .text.__vector_2
                0x00000586       0x50 src/main.o
                0x00000586                __vector_2
 .text.__vector_3
                0x000005d6       0x40 src/main.o
                0x000005d6                __vector_3
 .text.i2c_setup
                0x00000616       0x20 src/main.o
                0x00000616                i2c_setup
 .text.i2c_send
                0x00000636       0xdc src/main.o
                0x00000636                i2c_send
 .text.i2c_recive
                0x00000712       0x6a src/main.o
                0x00000712                i2c_recive
 .text.i2c_store_data
                0x0000077c       0x8a src/main.o
                0x0000077c                i2c_store_data
 .text.__vector_1
                0x00000806       0x64 src/main.o
                0x00000806                __vector_1
 .text.i2c_handel_data
                0x0000086a      0x1c4 src/main.o
                0x0000086a                i2c_handel_data
 .text.main     0x00000a2e       0x82 src/main.o
                0x00000a2e                main
 .text.libgcc.div
                0x00000ab0       0x26 c:/program files (x86)/atmel/studio/7.0/toolchain/avr8/avr8-gnu-toolchain/bin/../lib/gcc/avr/4.9.2/avr51\libgcc.a(_divmodhi4.o)
                0x00000ab0                _div
                0x00000ab0                __divmodhi4
 .text.libgcc   0x00000ad6       0x12 c:/program files (x86)/atmel/studio/7.0/toolchain/avr8/avr8-gnu-toolchain/bin/../lib/gcc/avr/4.9.2/avr51\libgcc.a(_tablejump2.o)
                0x00000ad6                __tablejump2__
 .text.libgcc.div
                0x00000ae8       0x28 c:/program files (x86)/atmel/studio/7.0/toolchain/avr8/avr8-gnu-toolchain/bin/../lib/gcc/avr/4.9.2/avr51\libgcc.a(_udivmodhi4.o)
                0x00000ae8                __udivmodhi4
                0x00000b10                . = ALIGN (0x2)
 *(.fini9)
 .fini9         0x00000b10        0x0 c:/program files (x86)/atmel/studio/7.0/toolchain/avr8/avr8-gnu-toolchain/bin/../lib/gcc/avr/4.9.2/avr51\libgcc.a(_exit.o)
                0x00000b10                _exit
                0x00000b10                exit
 *(.fini9)
 *(.fini8)
 *(.fini8)
 *(.fini7)
 *(.fini7)
 *(.fini6)
 *(.fini6)
 *(.fini5)
 *(.fini5)
 *(.fini4)
 *(.fini4)
 *(.fini3)
 *(.fini3)
 *(.fini2)
 *(.fini2)
 *(.fini1)
 *(.fini1)
 *(.fini0)
 .fini0         0x00000b10        0x4 c:/program files (x86)/atmel/studio/7.0/toolchain/avr8/avr8-gnu-toolchain/bin/../lib/gcc/avr/4.9.2/avr51\libgcc.a(_exit.o)
 *(.fini0)
                0x00000b14                _etext = .

.data           0x00800100        0xa load address 0x00000b14
                0x00800100                PROVIDE (__data_start, .)
 *(.data)
 *(.data*)
 .data.dt       0x00800100        0x2 src/main.o
                0x00800100                dt
 .data.d_constant
                0x00800102        0x2 src/main.o
                0x00800102                d_constant
 .data.p_constant
                0x00800104        0x2 src/main.o
                0x00800104                p_constant
 .data.d_constant_lab
                0x00800106        0x2 src/main.o
                0x00800106                d_constant_lab
 .data.p_constant_lab
                0x00800108        0x2 src/main.o
                0x00800108                p_constant_lab
 *(.rodata)
 *(.rodata*)
 *(.gnu.linkonce.d*)
                0x0080010a                . = ALIGN (0x2)
                0x0080010a                _edata = .
                0x0080010a                PROVIDE (__data_end, .)

.bss            0x0080010a       0x48
                0x0080010a                PROVIDE (__bss_start, .)
 *(.bss)
 *(.bss*)
 .bss.size.2216
                0x0080010a        0x2 src/main.o
 .bss.counter.2215
                0x0080010c        0x2 src/main.o
 .bss.i2c_newdata
                0x0080010e        0x1 src/main.o
                0x0080010e                i2c_newdata
 .bss.scaler    0x0080010f        0x2 src/main.o
                0x0080010f                scaler
 .bss.current_position
                0x00800111        0x2 src/main.o
                0x00800111                current_position
 .bss.previous_error
                0x00800113        0x2 src/main.o
                0x00800113                previous_error
 .bss.output    0x00800115        0x2 src/main.o
                0x00800115                output
 .bss.current_error
                0x00800117        0x2 src/main.o
                0x00800117                current_error
 .bss.setpoint  0x00800119        0x2 src/main.o
                0x00800119                setpoint
 .bss.derivate  0x0080011b        0x2 src/main.o
                0x0080011b                derivate
 .bss.previous_error_lab
                0x0080011d        0x2 src/main.o
                0x0080011d                previous_error_lab
 .bss.manual_function
                0x0080011f        0x2 src/main.o
                0x0080011f                manual_function
 .bss.regulator_mode
                0x00800121        0x2 src/main.o
                0x00800121                regulator_mode
 .bss.count_waypoint
                0x00800123        0x2 src/main.o
                0x00800123                count_waypoint
 .bss.regler_ready
                0x00800125        0x2 src/main.o
                0x00800125                regler_ready
 .bss.right     0x00800127        0x2 src/main.o
                0x00800127                right
 .bss.left      0x00800129        0x2 src/main.o
                0x00800129                left
 .bss.start     0x0080012b        0x2 src/main.o
                0x0080012b                start
 .bss.drive_mode
                0x0080012d        0x2 src/main.o
                0x0080012d                drive_mode
 *(COMMON)
 COMMON         0x0080012f       0x23 src/main.o
                0x0080012f                sensor_left
                0x00800131                gyro_90
                0x00800132                i2c_data
                0x00800141                Reflex_data
                0x00800143                sensor_right
                0x00800145                distans_fram
                0x00800146                sensor_front_tmp
                0x00800148                distans_left
                0x00800149                output_tmp
                0x0080014b                batteri
                0x0080014c                current_error_lab
                0x0080014e                RGB_data
                0x0080014f                distans_right
                0x00800150                sensor_front
                0x00800152                PROVIDE (__bss_end, .)
                0x00000b14                __data_load_start = LOADADDR (.data)
                0x00000b1e                __data_load_end = (__data_load_start + SIZEOF (.data))

.noinit         0x00800152        0x0
                0x00800152                PROVIDE (__noinit_start, .)
 *(.noinit*)
                0x00800152                PROVIDE (__noinit_end, .)
                0x00800152                _end = .
                0x00800152                PROVIDE (__heap_start, .)

.eeprom         0x00810000        0x0
 *(.eeprom*)
                0x00810000                __eeprom_end = .

.fuse
 *(.fuse)
 *(.lfuse)
 *(.hfuse)
 *(.efuse)

.lock
 *(.lock*)

.signature
 *(.signature*)

.user_signatures
 *(.user_signatures*)

.stab
 *(.stab)

.stabstr
 *(.stabstr)

.stab.excl
 *(.stab.excl)

.stab.exclstr
 *(.stab.exclstr)

.stab.index
 *(.stab.index)

.stab.indexstr
 *(.stab.indexstr)

.comment        0x00000000       0x30
 *(.comment)
 .comment       0x00000000       0x30 src/ASF/common/boards/user_board/init.o
                                 0x31 (size before relaxing)
 .comment       0x00000030       0x31 src/main.o

.note.gnu.avr.deviceinfo
                0x00000000       0x40
 .note.gnu.avr.deviceinfo
                0x00000000       0x40 C:/Program Files (x86)/Atmel/Studio/7.0/Packs/atmel/ATmega_DFP/1.0.90/gcc/dev/atmega1284p/avr51/crtatmega1284p.o

.note.gnu.build-id
 *(.note.gnu.build-id)

.debug
 *(.debug)

.line
 *(.line)

.debug_srcinfo
 *(.debug_srcinfo)

.debug_sfnames
 *(.debug_sfnames)

.debug_aranges  0x00000000      0x140
 *(.debug_aranges)
 .debug_aranges
                0x00000000       0x20 src/ASF/common/boards/user_board/init.o
 .debug_aranges
                0x00000020      0x120 src/main.o

.debug_pubnames
 *(.debug_pubnames)

.debug_info     0x00000000      0xd17
 *(.debug_info .gnu.linkonce.wi.*)
 .debug_info    0x00000000       0x7c src/ASF/common/boards/user_board/init.o
 .debug_info    0x0000007c      0xc9b src/main.o

.debug_abbrev   0x00000000      0x2f4
 *(.debug_abbrev)
 .debug_abbrev  0x00000000       0x47 src/ASF/common/boards/user_board/init.o
 .debug_abbrev  0x00000047      0x2ad src/main.o

.debug_line     0x00000000     0x1622
 *(.debug_line .debug_line.* .debug_line_end)
 .debug_line    0x00000000      0x392 src/ASF/common/boards/user_board/init.o
 .debug_line    0x00000392     0x1290 src/main.o

.debug_frame    0x00000000      0x33c
 *(.debug_frame)
 .debug_frame   0x00000000       0x24 src/ASF/common/boards/user_board/init.o
 .debug_frame   0x00000024      0x318 src/main.o

.debug_str      0x00000000    0x106fc
 *(.debug_str)
 .debug_str     0x00000000     0xfb36 src/ASF/common/boards/user_board/init.o
                               0xfcf3 (size before relaxing)
 .debug_str     0x0000fb36      0xbc6 src/main.o
                              0x10887 (size before relaxing)

.debug_loc      0x00000000      0xfdf
 *(.debug_loc)
 .debug_loc     0x00000000      0xfdf src/main.o

.debug_macinfo
 *(.debug_macinfo)

.debug_weaknames
 *(.debug_weaknames)

.debug_funcnames
 *(.debug_funcnames)

.debug_typenames
 *(.debug_typenames)

.debug_varnames
 *(.debug_varnames)

.debug_pubtypes
 *(.debug_pubtypes)

.debug_ranges   0x00000000      0x168
 *(.debug_ranges)
 .debug_ranges  0x00000000       0x10 src/ASF/common/boards/user_board/init.o
 .debug_ranges  0x00000010      0x158 src/main.o

.debug_macro    0x00000000     0x3f12
 *(.debug_macro)
 .debug_macro   0x00000000      0x157 src/ASF/common/boards/user_board/init.o
 .debug_macro   0x00000157      0xa66 src/ASF/common/boards/user_board/init.o
 .debug_macro   0x00000bbd       0x10 src/ASF/common/boards/user_board/init.o
 .debug_macro   0x00000bcd      0x1ad src/ASF/common/boards/user_board/init.o
 .debug_macro   0x00000d7a      0x293 src/ASF/common/boards/user_board/init.o
 .debug_macro   0x0000100d       0x9e src/ASF/common/boards/user_board/init.o
 .debug_macro   0x000010ab     0x1a9a src/ASF/common/boards/user_board/init.o
 .debug_macro   0x00002b45      0x171 src/ASF/common/boards/user_board/init.o
 .debug_macro   0x00002cb6       0xcb src/ASF/common/boards/user_board/init.o
 .debug_macro   0x00002d81       0x34 src/ASF/common/boards/user_board/init.o
 .debug_macro   0x00002db5       0x18 src/ASF/common/boards/user_board/init.o
 .debug_macro   0x00002dcd       0x6c src/ASF/common/boards/user_board/init.o
 .debug_macro   0x00002e39       0x22 src/ASF/common/boards/user_board/init.o
 .debug_macro   0x00002e5b      0x166 src/ASF/common/boards/user_board/init.o
 .debug_macro   0x00002fc1       0x1c src/ASF/common/boards/user_board/init.o
 .debug_macro   0x00002fdd       0x35 src/ASF/common/boards/user_board/init.o
 .debug_macro   0x00003012       0x66 src/ASF/common/boards/user_board/init.o
 .debug_macro   0x00003078      0x4ae src/ASF/common/boards/user_board/init.o
 .debug_macro   0x00003526       0x44 src/ASF/common/boards/user_board/init.o
 .debug_macro   0x0000356a       0x69 src/ASF/common/boards/user_board/init.o
 .debug_macro   0x000035d3       0x2c src/ASF/common/boards/user_board/init.o
 .debug_macro   0x000035ff       0x10 src/ASF/common/boards/user_board/init.o
 .debug_macro   0x0000360f      0x175 src/ASF/common/boards/user_board/init.o
 .debug_macro   0x00003784       0x40 src/ASF/common/boards/user_board/init.o
 .debug_macro   0x000037c4      0x100 src/ASF/common/boards/user_board/init.o
 .debug_macro   0x000038c4      0x231 src/ASF/common/boards/user_board/init.o
 .debug_macro   0x00003af5       0x1c src/ASF/common/boards/user_board/init.o
 .debug_macro   0x00003b11      0x1b4 src/main.o
 .debug_macro   0x00003cc5       0xdd src/main.o
 .debug_macro   0x00003da2       0x10 src/main.o
 .debug_macro   0x00003db2      0x160 src/main.o
OUTPUT(styrmodulen.elf elf32-avr)
LOAD linker stubs
